> Task :app:preBuild UP-TO-DATE
> Task :app:preDebugBuild UP-TO-DATE
> Task :app:mergeDebugNativeDebugMetadata NO-SOURCE
> Task :app:checkKotlinGradlePluginConfigurationErrors SKIPPED
> Task :app:checkDebugAarMetadata UP-TO-DATE
> Task :app:generateDebugResValues UP-TO-DATE
> Task :app:mapDebugSourceSetPaths UP-TO-DATE
> Task :app:generateDebugResources UP-TO-DATE
> Task :app:mergeDebugResources UP-TO-DATE
> Task :app:packageDebugResources UP-TO-DATE
> Task :app:parseDebugLocalResources UP-TO-DATE
> Task :app:createDebugCompatibleScreenManifests UP-TO-DATE
> Task :app:extractDeepLinksDebug UP-TO-DATE
> Task :app:processDebugMainManifest UP-TO-DATE
> Task :app:processDebugManifest UP-TO-DATE
> Task :app:processDebugManifestForPackage UP-TO-DATE
> Task :app:processDebugResources UP-TO-DATE
> Task :app:javaPreCompileDebug UP-TO-DATE
> Task :app:mergeDebugShaders UP-TO-DATE
> Task :app:compileDebugShaders NO-SOURCE
> Task :app:generateDebugAssets UP-TO-DATE
> Task :app:mergeDebugAssets UP-TO-DATE
> Task :app:compressDebugAssets UP-TO-DATE
> Task :app:checkDebugDuplicateClasses UP-TO-DATE
> Task :app:desugarDebugFileDependencies UP-TO-DATE
> Task :app:mergeExtDexDebug UP-TO-DATE
> Task :app:mergeLibDexDebug UP-TO-DATE
> Task :app:mergeDebugJniLibFolders UP-TO-DATE
> Task :app:mergeDebugNativeLibs UP-TO-DATE
> Task :app:stripDebugDebugSymbols UP-TO-DATE
> Task :app:validateSigningDebug UP-TO-DATE
> Task :app:writeDebugAppMetadata UP-TO-DATE
> Task :app:writeDebugSigningConfigVersions UP-TO-DATE

> Task :app:kspDebugKotlin FAILED
e: [ksp] C:/Users/MASTER-T/AndroidStudioProjects/TaskSchedulerV3/app/src/main/java/com/example/taskschedulerv3/navigation/NavGraph.kt: (50, 53): Function declaration must have a name
e: Error occurred in KSP, check log for detail
e: file:///C:/Users/MASTER-T/AndroidStudioProjects/TaskSchedulerV3/app/src/main/java/com/example/taskschedulerv3/navigation/NavGraph.kt:50:13 Expecting member declaration
e: file:///C:/Users/MASTER-T/AndroidStudioProjects/TaskSchedulerV3/app/src/main/java/com/example/taskschedulerv3/navigation/NavGraph.kt:50:23 Expecting member declaration
e: file:///C:/Users/MASTER-T/AndroidStudioProjects/TaskSchedulerV3/app/src/main/java/com/example/taskschedulerv3/navigation/NavGraph.kt:50:24 Expecting member declaration
e: file:///C:/Users/MASTER-T/AndroidStudioProjects/TaskSchedulerV3/app/src/main/java/com/example/taskschedulerv3/navigation/NavGraph.kt:50:30 Expecting member declaration
e: file:///C:/Users/MASTER-T/AndroidStudioProjects/TaskSchedulerV3/app/src/main/java/com/example/taskschedulerv3/navigation/NavGraph.kt:50:31 Expecting member declaration
e: file:///C:/Users/MASTER-T/AndroidStudioProjects/TaskSchedulerV3/app/src/main/java/com/example/taskschedulerv3/navigation/NavGraph.kt:50:45 Expecting member declaration
e: file:///C:/Users/MASTER-T/AndroidStudioProjects/TaskSchedulerV3/app/src/main/java/com/example/taskschedulerv3/navigation/NavGraph.kt:50:46 Expecting member declaration
e: file:///C:/Users/MASTER-T/AndroidStudioProjects/TaskSchedulerV3/app/src/main/java/com/example/taskschedulerv3/navigation/NavGraph.kt:50:51 Expecting member declaration
e: file:///C:/Users/MASTER-T/AndroidStudioProjects/TaskSchedulerV3/app/src/main/java/com/example/taskschedulerv3/navigation/NavGraph.kt:50:53 Expecting member declaration

[Incubating] Problems report is available at: file:///C:/Users/MASTER-T/AndroidStudioProjects/TaskSchedulerV3/build/reports/problems/problems-report.html

FAILURE: Build failed with an exception.

* What went wrong:
Execution failed for task ':app:kspDebugKotlin'.
> A failure occurred while executing org.jetbrains.kotlin.compilerRunner.GradleCompilerRunnerWithWorkers$GradleKotlinCompilerWorkAction
   > Compilation error. See log for more details

* Try:
> Run with --stacktrace option to get the stack trace.
> Run with --info or --debug option to get more log output.
> Run with --scan to generate a Build Scan (Powered by Develocity).
> Get more help at https://help.gradle.org.

Deprecated Gradle features were used in this build, making it incompatible with Gradle 10.

You can use '--warning-mode all' to show the individual deprecation warnings and determine if they come from your own scripts or plugins.


BUILD FAILED in 3s
For more on this, please refer to https://docs.gradle.org/9.1.0/userguide/command_line_interface.html#sec:command_line_warnings in the Gradle documentation.
28 actionable tasks: 1 executed, 27 up-to-date
